******************************************************************************
                  MSP430 Linker PC v4.4.6                      
******************************************************************************
>> Linked Mon Aug 01 12:46:59 2016

OUTPUT FILE NAME:   <Data Reel.out>
ENTRY POINT SYMBOL: "_c_int00_noargs_noexit"  address: 0000c89a


MEMORY CONFIGURATION

         name            origin    length      used     unused   attr    fill
----------------------  --------  ---------  --------  --------  ----  --------
  SFR                   00000000   00000010  00000000  00000010  RWIX
  PERIPHERALS_8BIT      00000010   000000f0  00000000  000000f0  RWIX
  PERIPHERALS_16BIT     00000100   00000100  00000000  00000100  RWIX
  RAM                   00000200   00000200  000000a7  00000159  RWIX
  INFOD                 00001000   00000040  00000000  00000040  RWIX
  INFOC                 00001040   00000040  00000000  00000040  RWIX
  INFOB                 00001080   00000040  00000000  00000040  RWIX
  INFOA                 000010c0   00000040  00000000  00000040  RWIX
  FLASH                 0000c000   00003fe0  000009a6  0000363a  RWIX
  INT00                 0000ffe0   00000002  00000000  00000002  RWIX
  INT01                 0000ffe2   00000002  00000000  00000002  RWIX
  INT02                 0000ffe4   00000002  00000002  00000000  RWIX
  INT03                 0000ffe6   00000002  00000002  00000000  RWIX
  INT04                 0000ffe8   00000002  00000000  00000002  RWIX
  INT05                 0000ffea   00000002  00000002  00000000  RWIX
  INT06                 0000ffec   00000002  00000002  00000000  RWIX
  INT07                 0000ffee   00000002  00000002  00000000  RWIX
  INT08                 0000fff0   00000002  00000002  00000000  RWIX
  INT09                 0000fff2   00000002  00000002  00000000  RWIX
  INT10                 0000fff4   00000002  00000002  00000000  RWIX
  INT11                 0000fff6   00000002  00000002  00000000  RWIX
  INT12                 0000fff8   00000002  00000002  00000000  RWIX
  INT13                 0000fffa   00000002  00000002  00000000  RWIX
  INT14                 0000fffc   00000002  00000002  00000000  RWIX
  RESET                 0000fffe   00000002  00000002  00000000  RWIX


SECTION ALLOCATION MAP

 output                                  attributes/
section   page    origin      length       input sections
--------  ----  ----------  ----------   ----------------
.bss       0    00000200    00000045     UNINITIALIZED
                  00000200    0000000c     (.common:i2cRXData)
                  0000020c    0000000c     (.common:i2cTXData)
                  00000218    0000000c     (.common:rx_data_str)
                  00000224    0000000c     (.common:tx_data_str)
                  00000230    00000002     (.common:cur_reel_depth)
                  00000232    00000002     (.common:e_tx_ptr)
                  00000234    00000002     (.common:k)
                  00000236    00000002     (.common:reel_dir)
                  00000238    00000002     (.common:set_reel_depth)
                  0000023a    00000002     (.common:timeout_count1)
                  0000023c    00000002     (.common:timeout_count2)
                  0000023e    00000002     (.common:tx_ptr)
                  00000240    00000001     (.common:ALL_STOP_FLAG)
                  00000241    00000001     (.common:interrupt_code)
                  00000242    00000001     (.common:pwm_pullup_flag)
                  00000243    00000001     (.common:reel_flag)
                  00000244    00000001     (.common:status_code)

.data      0    00000246    00000012     UNINITIALIZED
                  00000246    0000000a     serial_handler.obj (.data)
                  00000250    00000008     main.obj (.data)

.stack     0    000003b0    00000050     UNINITIALIZED
                  000003b0    00000002     rts430_eabi.lib : boot.obj (.stack)
                  000003b2    0000004e     --HOLE--

.text      0    0000c000    00000954     
                  0000c000    000001ac     main.obj (.text:main)
                  0000c1ac    000000ea     main.obj (.text:input_handler)
                  0000c296    000000e0     reels.obj (.text:Port_1)
                  0000c376    000000b2     reels.obj (.text:initReel)
                  0000c428    0000008e     serial_handler.obj (.text:USCI0RX_ISR)
                  0000c4b6    0000008e     reels.obj (.text:goToClick)
                  0000c544    00000082     serial_handler.obj (.text:uart_init)
                  0000c5c6    0000007c     main.obj (.text:num2str)
                  0000c642    0000006a     serial_handler.obj (.text:USCI0TX_ISR)
                  0000c6ac    00000064     rts430_eabi.lib : copy_decompress_rle.obj (.text:__TI_decompress_rle_core)
                  0000c710    00000058                     : autoinit.obj (.text:_auto_init)
                  0000c768    00000050     reels.obj (.text:Port_2)
                  0000c7b8    0000003a     serial_handler.obj (.text:i2c_slave_init)
                  0000c7f2    00000030     serial_handler.obj (.text:uart_write_string)
                  0000c822    0000002e     main.obj (.text:str2num)
                  0000c850    0000002c     rts430_eabi.lib : div16s.obj (.text)
                  0000c87c    0000001e     main.obj (.text:all_stop_fun)
                  0000c89a    0000001a     rts430_eabi.lib : boot_special.obj (.text:_c_int00_noargs_noexit)
                  0000c8b4    0000001a     i2c.obj (.text:i2c_init)
                  0000c8ce    00000016     rts430_eabi.lib : div16u.obj (.text)
                  0000c8e4    00000014                     : copy_zero_init.obj (.text:decompress:ZI:__TI_zero_init)
                  0000c8f8    00000014                     : mult16.obj (.text)
                  0000c90c    00000012                     : copy_decompress_none.obj (.text:decompress:none:__TI_decompress_none)
                  0000c91e    00000012                     : memcpy.obj (.text:memcpy)
                  0000c930    00000010                     : epilog.obj (.text)
                  0000c940    00000006                     : isr_trap.obj (.text:_isr:__TI_ISR_TRAP)
                  0000c946    00000006                     : copy_decompress_rle.obj (.text:decompress:rle24:__TI_decompress_rle24)
                  0000c94c    00000004                     : pre_init.obj (.text:_system_pre_init)
                  0000c950    00000004                     : exit.obj (.text:abort)

.const     0    0000c954    00000036     
                  0000c954    00000018     serial_handler.obj (.const:$P$T0$1)
                  0000c96c    00000018     serial_handler.obj (.const:$P$T1$2)
                  0000c984    00000006     main.obj (.const:.string:$P$T0$1)

.cinit     0    0000c98a    0000001c     
                  0000c98a    00000009     (.cinit..data.load) [load image, compression = rle]
                  0000c993    00000001     --HOLE-- [fill = 0]
                  0000c994    00000006     (__TI_handler_table)
                  0000c99a    00000004     (.cinit..bss.load) [load image, compression = zero_init]
                  0000c99e    00000008     (__TI_cinit_table)

.init_array 
*          0    0000c000    00000000     UNINITIALIZED

.TI.noinit 
*          0    00000200    00000000     UNINITIALIZED

.TI.persistent 
*          0    00000246    00000000     UNINITIALIZED

PORT1      0    0000ffe4    00000002     
                  0000ffe4    00000002     reels.obj (.int02)

PORT2      0    0000ffe6    00000002     
                  0000ffe6    00000002     reels.obj (.int03)

ADC10      0    0000ffea    00000002     
                  0000ffea    00000002     rts430_eabi.lib : int05.obj (.int05)

USCIAB0TX 
*          0    0000ffec    00000002     
                  0000ffec    00000002     serial_handler.obj (.int06)

USCIAB0RX 
*          0    0000ffee    00000002     
                  0000ffee    00000002     serial_handler.obj (.int07)

TIMER0_A1 
*          0    0000fff0    00000002     
                  0000fff0    00000002     rts430_eabi.lib : int08.obj (.int08)

TIMER0_A0 
*          0    0000fff2    00000002     
                  0000fff2    00000002     rts430_eabi.lib : int09.obj (.int09)

WDT        0    0000fff4    00000002     
                  0000fff4    00000002     rts430_eabi.lib : int10.obj (.int10)

COMPARATORA 
*          0    0000fff6    00000002     
                  0000fff6    00000002     rts430_eabi.lib : int11.obj (.int11)

TIMER1_A1 
*          0    0000fff8    00000002     
                  0000fff8    00000002     rts430_eabi.lib : int12.obj (.int12)

TIMER1_A0 
*          0    0000fffa    00000002     
                  0000fffa    00000002     rts430_eabi.lib : int13.obj (.int13)

NMI        0    0000fffc    00000002     
                  0000fffc    00000002     rts430_eabi.lib : int14.obj (.int14)

.reset     0    0000fffe    00000002     
                  0000fffe    00000002     rts430_eabi.lib : boot.obj (.reset)


LINKER GENERATED COPY TABLES

__TI_cinit_table @ 0000c99e records: 2, size/record: 4, table size: 8
	.data: load addr=0000c98a, load size=00000009 bytes, run addr=00000246, run size=00000012 bytes, compression=rle
	.bss: load addr=0000c99a, load size=00000004 bytes, run addr=00000200, run size=00000045 bytes, compression=zero_init


LINKER GENERATED HANDLER TABLE

__TI_handler_table @ 0000c994 records: 3, size/record: 2, table size: 6
	index: 0, handler: __TI_zero_init
	index: 1, handler: __TI_decompress_rle24
	index: 2, handler: __TI_decompress_none


GLOBAL SYMBOLS: SORTED ALPHABETICALLY BY Name 

address   name                    
-------   ----                    
0000004a  ADC10AE0                
000001b0  ADC10CTL0               
000001b2  ADC10CTL1               
00000048  ADC10DTC0               
00000049  ADC10DTC1               
000001b4  ADC10MEM                
000001bc  ADC10SA                 
00000240  ALL_STOP_FLAG           
00000057  BCSCTL1                 
00000058  BCSCTL2                 
00000053  BCSCTL3                 
0000c950  C$$EXIT                 
00000059  CACTL1                  
0000005a  CACTL2                  
000010fb  CALBC1_12MHZ            
000010f9  CALBC1_16MHZ            
000010ff  CALBC1_1MHZ             
000010fd  CALBC1_8MHZ             
000010fa  CALDCO_12MHZ            
000010f8  CALDCO_16MHZ            
000010fe  CALDCO_1MHZ             
000010fc  CALDCO_8MHZ             
0000005b  CAPD                    
00000056  DCOCTL                  
00000128  FCTL1                   
0000012a  FCTL2                   
0000012c  FCTL3                   
00000000  IE1                     
00000001  IE2                     
00000002  IFG1                    
00000003  IFG2                    
00000022  P1DIR                   
00000025  P1IE                    
00000024  P1IES                   
00000023  P1IFG                   
00000020  P1IN                    
00000021  P1OUT                   
00000027  P1REN                   
00000026  P1SEL                   
00000041  P1SEL2                  
0000002a  P2DIR                   
0000002d  P2IE                    
0000002c  P2IES                   
0000002b  P2IFG                   
00000028  P2IN                    
00000029  P2OUT                   
0000002f  P2REN                   
0000002e  P2SEL                   
00000042  P2SEL2                  
0000001a  P3DIR                   
00000018  P3IN                    
00000019  P3OUT                   
00000010  P3REN                   
0000001b  P3SEL                   
00000043  P3SEL2                  
0000c296  Port_1                  
0000c768  Port_2                  
00000252  RXData_ptr              
00000172  TA0CCR0                 
00000174  TA0CCR1                 
00000176  TA0CCR2                 
00000162  TA0CCTL0                
00000164  TA0CCTL1                
00000166  TA0CCTL2                
00000160  TA0CTL                  
0000012e  TA0IV                   
00000170  TA0R                    
00000192  TA1CCR0                 
00000194  TA1CCR1                 
00000196  TA1CCR2                 
00000182  TA1CCTL0                
00000184  TA1CCTL1                
00000186  TA1CCTL2                
00000180  TA1CTL                  
0000011e  TA1IV                   
00000190  TA1R                    
000010db  TLV_ADC10_1_LEN         
000010da  TLV_ADC10_1_TAG         
000010c0  TLV_CHECKSUM            
000010f7  TLV_DCO_30_LEN          
000010f6  TLV_DCO_30_TAG          
00000250  TXData_ptr              
0000005d  UCA0ABCTL               
00000062  UCA0BR0                 
00000063  UCA0BR1                 
00000060  UCA0CTL0                
00000061  UCA0CTL1                
0000005f  UCA0IRRCTL              
0000005e  UCA0IRTCTL              
00000064  UCA0MCTL                
00000066  UCA0RXBUF               
00000065  UCA0STAT                
00000067  UCA0TXBUF               
0000006a  UCB0BR0                 
0000006b  UCB0BR1                 
00000068  UCB0CTL0                
00000069  UCB0CTL1                
0000006c  UCB0I2CIE               
00000118  UCB0I2COA               
0000011a  UCB0I2CSA               
0000006e  UCB0RXBUF               
0000006d  UCB0STAT                
0000006f  UCB0TXBUF               
0000c428  USCI0RX_ISR             
0000c642  USCI0TX_ISR             
00000120  WDTCTL                  
00000400  __STACK_END             
00000050  __STACK_SIZE            
0000c99e  __TI_CINIT_Base         
0000c9a6  __TI_CINIT_Limit        
0000c994  __TI_Handler_Table_Base 
0000c99a  __TI_Handler_Table_Limit
UNDEFED   __TI_INITARRAY_Base     
UNDEFED   __TI_INITARRAY_Limit    
0000c940  __TI_ISR_TRAP           
0000c90c  __TI_decompress_none    
0000c946  __TI_decompress_rle24   
0000ffe4  __TI_int02              
0000ffe6  __TI_int03              
0000ffea  __TI_int05              
0000ffec  __TI_int06              
0000ffee  __TI_int07              
0000fff0  __TI_int08              
0000fff2  __TI_int09              
0000fff4  __TI_int10              
0000fff6  __TI_int11              
0000fff8  __TI_int12              
0000fffa  __TI_int13              
0000fffc  __TI_int14              
0000c8e4  __TI_zero_init          
ffffffff  __binit__               
ffffffff  __c_args__              
0000c850  __mspabi_divi           
0000c8ce  __mspabi_divu           
0000c93c  __mspabi_func_epilog_1  
0000c93a  __mspabi_func_epilog_2  
0000c938  __mspabi_func_epilog_3  
0000c936  __mspabi_func_epilog_4  
0000c934  __mspabi_func_epilog_5  
0000c932  __mspabi_func_epilog_6  
0000c930  __mspabi_func_epilog_7  
0000c8f8  __mspabi_mpyi           
0000c8f8  __mspabi_mpyi_sw        
0000c850  __mspabi_remi           
0000c8ce  __mspabi_remu           
0000c710  _auto_init              
0000c89a  _c_int00_noargs_noexit  
0000fffe  _reset_vector           
000003b0  _stack                  
0000c94c  _system_pre_init        
0000c950  abort                   
0000c87c  all_stop_fun            
ffffffff  binit                   
00000230  cur_reel_depth          
00000232  e_tx_ptr                
00000247  eos_flag                
0000c4b6  goToClick               
00000200  i2cRXData               
0000024a  i2cRXData_ptr           
0000020c  i2cTXData               
00000248  i2cTXData_ptr           
0000c8b4  i2c_init                
0000c7b8  i2c_slave_init          
0000024e  i2cmode                 
0000024c  i2crxflag               
0000c376  initReel                
0000c1ac  input_handler           
00000241  interrupt_code          
00000234  k                       
0000c000  main                    
0000c91e  memcpy                  
0000c5c6  num2str                 
00000242  pwm_pullup_flag         
00000254  pwmread                 
00000256  pwmval                  
00000236  reel_dir                
00000243  reel_flag               
00000218  rx_data_str             
00000246  rx_flag                 
00000238  set_reel_depth          
00000244  status_code             
0000c822  str2num                 
0000023a  timeout_count1          
0000023c  timeout_count2          
00000224  tx_data_str             
0000023e  tx_ptr                  
0000c544  uart_init               
0000c7f2  uart_write_string       


GLOBAL SYMBOLS: SORTED BY Symbol Address 

address   name                    
-------   ----                    
00000000  IE1                     
00000001  IE2                     
00000002  IFG1                    
00000003  IFG2                    
00000010  P3REN                   
00000018  P3IN                    
00000019  P3OUT                   
0000001a  P3DIR                   
0000001b  P3SEL                   
00000020  P1IN                    
00000021  P1OUT                   
00000022  P1DIR                   
00000023  P1IFG                   
00000024  P1IES                   
00000025  P1IE                    
00000026  P1SEL                   
00000027  P1REN                   
00000028  P2IN                    
00000029  P2OUT                   
0000002a  P2DIR                   
0000002b  P2IFG                   
0000002c  P2IES                   
0000002d  P2IE                    
0000002e  P2SEL                   
0000002f  P2REN                   
00000041  P1SEL2                  
00000042  P2SEL2                  
00000043  P3SEL2                  
00000048  ADC10DTC0               
00000049  ADC10DTC1               
0000004a  ADC10AE0                
00000050  __STACK_SIZE            
00000053  BCSCTL3                 
00000056  DCOCTL                  
00000057  BCSCTL1                 
00000058  BCSCTL2                 
00000059  CACTL1                  
0000005a  CACTL2                  
0000005b  CAPD                    
0000005d  UCA0ABCTL               
0000005e  UCA0IRTCTL              
0000005f  UCA0IRRCTL              
00000060  UCA0CTL0                
00000061  UCA0CTL1                
00000062  UCA0BR0                 
00000063  UCA0BR1                 
00000064  UCA0MCTL                
00000065  UCA0STAT                
00000066  UCA0RXBUF               
00000067  UCA0TXBUF               
00000068  UCB0CTL0                
00000069  UCB0CTL1                
0000006a  UCB0BR0                 
0000006b  UCB0BR1                 
0000006c  UCB0I2CIE               
0000006d  UCB0STAT                
0000006e  UCB0RXBUF               
0000006f  UCB0TXBUF               
00000118  UCB0I2COA               
0000011a  UCB0I2CSA               
0000011e  TA1IV                   
00000120  WDTCTL                  
00000128  FCTL1                   
0000012a  FCTL2                   
0000012c  FCTL3                   
0000012e  TA0IV                   
00000160  TA0CTL                  
00000162  TA0CCTL0                
00000164  TA0CCTL1                
00000166  TA0CCTL2                
00000170  TA0R                    
00000172  TA0CCR0                 
00000174  TA0CCR1                 
00000176  TA0CCR2                 
00000180  TA1CTL                  
00000182  TA1CCTL0                
00000184  TA1CCTL1                
00000186  TA1CCTL2                
00000190  TA1R                    
00000192  TA1CCR0                 
00000194  TA1CCR1                 
00000196  TA1CCR2                 
000001b0  ADC10CTL0               
000001b2  ADC10CTL1               
000001b4  ADC10MEM                
000001bc  ADC10SA                 
00000200  i2cRXData               
0000020c  i2cTXData               
00000218  rx_data_str             
00000224  tx_data_str             
00000230  cur_reel_depth          
00000232  e_tx_ptr                
00000234  k                       
00000236  reel_dir                
00000238  set_reel_depth          
0000023a  timeout_count1          
0000023c  timeout_count2          
0000023e  tx_ptr                  
00000240  ALL_STOP_FLAG           
00000241  interrupt_code          
00000242  pwm_pullup_flag         
00000243  reel_flag               
00000244  status_code             
00000246  rx_flag                 
00000247  eos_flag                
00000248  i2cTXData_ptr           
0000024a  i2cRXData_ptr           
0000024c  i2crxflag               
0000024e  i2cmode                 
00000250  TXData_ptr              
00000252  RXData_ptr              
00000254  pwmread                 
00000256  pwmval                  
000003b0  _stack                  
00000400  __STACK_END             
000010c0  TLV_CHECKSUM            
000010da  TLV_ADC10_1_TAG         
000010db  TLV_ADC10_1_LEN         
000010f6  TLV_DCO_30_TAG          
000010f7  TLV_DCO_30_LEN          
000010f8  CALDCO_16MHZ            
000010f9  CALBC1_16MHZ            
000010fa  CALDCO_12MHZ            
000010fb  CALBC1_12MHZ            
000010fc  CALDCO_8MHZ             
000010fd  CALBC1_8MHZ             
000010fe  CALDCO_1MHZ             
000010ff  CALBC1_1MHZ             
0000c000  main                    
0000c1ac  input_handler           
0000c296  Port_1                  
0000c376  initReel                
0000c428  USCI0RX_ISR             
0000c4b6  goToClick               
0000c544  uart_init               
0000c5c6  num2str                 
0000c642  USCI0TX_ISR             
0000c710  _auto_init              
0000c768  Port_2                  
0000c7b8  i2c_slave_init          
0000c7f2  uart_write_string       
0000c822  str2num                 
0000c850  __mspabi_divi           
0000c850  __mspabi_remi           
0000c87c  all_stop_fun            
0000c89a  _c_int00_noargs_noexit  
0000c8b4  i2c_init                
0000c8ce  __mspabi_divu           
0000c8ce  __mspabi_remu           
0000c8e4  __TI_zero_init          
0000c8f8  __mspabi_mpyi           
0000c8f8  __mspabi_mpyi_sw        
0000c90c  __TI_decompress_none    
0000c91e  memcpy                  
0000c930  __mspabi_func_epilog_7  
0000c932  __mspabi_func_epilog_6  
0000c934  __mspabi_func_epilog_5  
0000c936  __mspabi_func_epilog_4  
0000c938  __mspabi_func_epilog_3  
0000c93a  __mspabi_func_epilog_2  
0000c93c  __mspabi_func_epilog_1  
0000c940  __TI_ISR_TRAP           
0000c946  __TI_decompress_rle24   
0000c94c  _system_pre_init        
0000c950  C$$EXIT                 
0000c950  abort                   
0000c994  __TI_Handler_Table_Base 
0000c99a  __TI_Handler_Table_Limit
0000c99e  __TI_CINIT_Base         
0000c9a6  __TI_CINIT_Limit        
0000ffe4  __TI_int02              
0000ffe6  __TI_int03              
0000ffea  __TI_int05              
0000ffec  __TI_int06              
0000ffee  __TI_int07              
0000fff0  __TI_int08              
0000fff2  __TI_int09              
0000fff4  __TI_int10              
0000fff6  __TI_int11              
0000fff8  __TI_int12              
0000fffa  __TI_int13              
0000fffc  __TI_int14              
0000fffe  _reset_vector           
ffffffff  __binit__               
ffffffff  __c_args__              
ffffffff  binit                   
UNDEFED   __TI_INITARRAY_Base     
UNDEFED   __TI_INITARRAY_Limit    

[188 symbols]
