******************************************************************************
                  MSP430 Linker PC v4.4.6                      
******************************************************************************
>> Linked Wed Jun 29 14:20:10 2016

OUTPUT FILE NAME:   <Reels w AutoLvl.out>
ENTRY POINT SYMBOL: "_c_int00_noargs_noexit"  address: 0000ea24


MEMORY CONFIGURATION

         name            origin    length      used     unused   attr    fill
----------------------  --------  ---------  --------  --------  ----  --------
  SFR                   00000000   00000010  00000000  00000010  RWIX
  PERIPHERALS_8BIT      00000010   000000f0  00000000  000000f0  RWIX
  PERIPHERALS_16BIT     00000100   00000100  00000000  00000100  RWIX
  RAM                   00000200   00000200  00000156  000000aa  RWIX
  INFOD                 00001000   00000040  00000000  00000040  RWIX
  INFOC                 00001040   00000040  00000000  00000040  RWIX
  INFOB                 00001080   00000040  00000000  00000040  RWIX
  INFOA                 000010c0   00000040  00000000  00000040  RWIX
  FLASH                 0000c000   00003fe0  00002c0c  000013d4  RWIX
  INT00                 0000ffe0   00000002  00000000  00000002  RWIX
  INT01                 0000ffe2   00000002  00000000  00000002  RWIX
  INT02                 0000ffe4   00000002  00000002  00000000  RWIX
  INT03                 0000ffe6   00000002  00000002  00000000  RWIX
  INT04                 0000ffe8   00000002  00000000  00000002  RWIX
  INT05                 0000ffea   00000002  00000002  00000000  RWIX
  INT06                 0000ffec   00000002  00000002  00000000  RWIX
  INT07                 0000ffee   00000002  00000002  00000000  RWIX
  INT08                 0000fff0   00000002  00000002  00000000  RWIX
  INT09                 0000fff2   00000002  00000002  00000000  RWIX
  INT10                 0000fff4   00000002  00000002  00000000  RWIX
  INT11                 0000fff6   00000002  00000002  00000000  RWIX
  INT12                 0000fff8   00000002  00000002  00000000  RWIX
  INT13                 0000fffa   00000002  00000002  00000000  RWIX
  INT14                 0000fffc   00000002  00000002  00000000  RWIX
  RESET                 0000fffe   00000002  00000002  00000000  RWIX


SECTION ALLOCATION MAP

 output                                  attributes/
section   page    origin      length       input sections
--------  ----  ----------  ----------   ----------------
.data      0    00000200    00000092     UNINITIALIZED
                  00000200    00000080     rts430_eabi.lib : xvalues.obj (.data)
                  00000280    0000000a     serial_handler.obj (.data)
                  0000028a    00000008     main.obj (.data)

.bss       0    00000292    00000074     UNINITIALIZED
                  00000292    00000014     (.common:avg_angle)
                  000002a6    0000000c     (.common:TXData)
                  000002b2    0000000c     (.common:i2cRXData)
                  000002be    0000000c     (.common:i2cTXData)
                  000002ca    0000000c     (.common:rx_data_str)
                  000002d6    0000000c     (.common:tx_data_str)
                  000002e2    00000004     (.common:average)
                  000002e6    00000004     (.common:current_angle)
                  000002ea    00000002     (.common:cur_reel_depth)
                  000002ec    00000002     (.common:e_tx_ptr)
                  000002ee    00000002     (.common:k)
                  000002f0    00000002     (.common:lvl_compare)
                  000002f2    00000002     (.common:reel_dir)
                  000002f4    00000002     (.common:set_angle)
                  000002f6    00000002     (.common:set_reel_depth)
                  000002f8    00000002     (.common:timeout_count1)
                  000002fa    00000002     (.common:timeout_count2)
                  000002fc    00000002     (.common:tx_ptr)
                  000002fe    00000001     (.common:ALL_STOP_FLAG)
                  000002ff    00000001     (.common:autolevel_flag)
                  00000300    00000001     (.common:avg_pointer)
                  00000301    00000001     (.common:get_level_flag)
                  00000302    00000001     (.common:interrupt_code)
                  00000303    00000001     (.common:pu_flag)
                  00000304    00000001     (.common:reel_flag)
                  00000305    00000001     (.common:status_code)

.stack     0    000003b0    00000050     UNINITIALIZED
                  000003b0    00000002     rts430_eabi.lib : boot.obj (.stack)
                  000003b2    0000004e     --HOLE--

.text      0    0000c000    00002b1a     
                  0000c000    00000462     rts430_eabi.lib : frcdivd.obj (.text:__TI_frcdivd)
                  0000c462    000002f4                     : frcmpyd.obj (.text:__TI_frcmpyd)
                  0000c756    000002e8                     : addd.obj (.text:__mspabi_addd)
                  0000ca3e    000002de                     : xatan.obj (.text:_Atan)
                  0000cd1c    0000026e                     : mpyd.obj (.text:__mspabi_mpyd)
                  0000cf8a    00000260                     : frcaddd.obj (.text:__TI_frcaddd)
                  0000d1ea    0000023a     i2c.obj (.text:i2c_rx_bb)
                  0000d424    00000238     rts430_eabi.lib : divd.obj (.text:__mspabi_divd)
                  0000d65c    000001ea     main.obj (.text:main)
                  0000d846    000001a8     main.obj (.text:input_handler)
                  0000d9ee    0000011a     rts430_eabi.lib : atan.obj (.text:atan)
                  0000db08    00000112     reels.obj (.text:getLevel)
                  0000dc1a    000000e0     reels.obj (.text:Port_1)
                  0000dcfa    000000dc     rts430_eabi.lib : cmpd.obj (.text:__mspabi_cmpd)
                  0000ddd6    000000cc     reels.obj (.text:initReel)
                  0000dea2    000000c2     rts430_eabi.lib : fs_mpy.obj (.text)
                  0000df64    000000be                     : renormd.obj (.text:__TI_renormd)
                  0000e022    0000009a                     : fs_div.obj (.text)
                  0000e0bc    00000092     reels.obj (.text:goToClick)
                  0000e14e    0000008e     serial_handler.obj (.text:USCI0RX_ISR)
                  0000e1dc    0000008c     rts430_eabi.lib : cvtdf.obj (.text:__mspabi_cvtdf)
                  0000e268    00000082     serial_handler.obj (.text:uart_init)
                  0000e2ea    0000007e     reels.obj (.text:autoLevel)
                  0000e368    0000007c     main.obj (.text:num2str)
                  0000e3e4    0000006a     serial_handler.obj (.text:USCI0TX_ISR)
                  0000e44e    00000068     rts430_eabi.lib : cvtfd.obj (.text:__mspabi_cvtfd)
                  0000e4b6    00000068     reels.obj (.text:read_ADXL)
                  0000e51e    00000068     rts430_eabi.lib : fs_toi.obj (.text)
                  0000e586    00000064                     : copy_decompress_rle.obj (.text:__TI_decompress_rle_core)
                  0000e5ea    0000005c                     : lsr32.obj (.text:l_lsr_const)
                  0000e646    00000058                     : autoinit.obj (.text:_auto_init)
                  0000e69e    00000050     reels.obj (.text:Port_2)
                  0000e6ee    0000004c     rts430_eabi.lib : lsr16.obj (.text)
                  0000e73a    0000004a                     : fs_cmp.obj (.text)
                  0000e784    0000003e                     : asr32.obj (.text:l_asr_const)
                  0000e7c2    0000003e                     : lsl32.obj (.text:l_lsl_const)
                  0000e800    0000003a     serial_handler.obj (.text:i2c_slave_init)
                  0000e83a    00000036     rts430_eabi.lib : fs_itof.obj (.text)
                  0000e870    00000032     reels.obj (.text:init_ADXL)
                  0000e8a2    00000030     serial_handler.obj (.text:uart_write_string)
                  0000e8d2    0000002e     rts430_eabi.lib : subd.obj (.text:__mspabi_subd)
                  0000e900    0000002e     main.obj (.text:str2num)
                  0000e92e    0000002c     rts430_eabi.lib : asr16.obj (.text)
                  0000e95a    0000002c                     : div16s.obj (.text)
                  0000e986    0000002c                     : lsl16.obj (.text)
                  0000e9b2    0000002a                     : negd.obj (.text:__mspabi_negd)
                  0000e9dc    00000026                     : mult32.obj (.text)
                  0000ea02    00000022     main.obj (.text:all_stop_fun)
                  0000ea24    0000001a     rts430_eabi.lib : boot_special.obj (.text:_c_int00_noargs_noexit)
                  0000ea3e    0000001a     i2c.obj (.text:i2c_init)
                  0000ea58    00000016     rts430_eabi.lib : div16u.obj (.text)
                  0000ea6e    00000014                     : copy_zero_init.obj (.text:decompress:ZI:__TI_zero_init)
                  0000ea82    00000014                     : mult16.obj (.text)
                  0000ea96    00000012                     : copy_decompress_none.obj (.text:decompress:none:__TI_decompress_none)
                  0000eaa8    00000012                     : lsr32.obj (.text:l_lsr)
                  0000eaba    00000012                     : memcpy.obj (.text:memcpy)
                  0000eacc    00000010                     : asr32.obj (.text:l_asr)
                  0000eadc    00000010                     : lsl32.obj (.text:l_lsl)
                  0000eaec    00000010                     : epilog.obj (.text)
                  0000eafc    0000000a     reels.obj (.text:Timer_A)
                  0000eb06    00000006     rts430_eabi.lib : isr_trap.obj (.text:_isr:__TI_ISR_TRAP)
                  0000eb0c    00000006                     : copy_decompress_rle.obj (.text:decompress:rle24:__TI_decompress_rle24)
                  0000eb12    00000004                     : pre_init.obj (.text:_system_pre_init)
                  0000eb16    00000004                     : exit.obj (.text:abort)

.const     0    0000eb1a    000000ae     
                  0000eb1a    00000040     rts430_eabi.lib : xatan.obj (.const:a)
                  0000eb5a    00000020                     : xatan.obj (.const:c)
                  0000eb7a    00000018     serial_handler.obj (.const:$P$T0$1)
                  0000eb92    00000018     serial_handler.obj (.const:$P$T1$2)
                  0000ebaa    00000018     rts430_eabi.lib : xatan.obj (.const:s)
                  0000ebc2    00000006     main.obj (.const:.string:$P$T0$1)

.cinit     0    0000ebc8    00000044     
                  0000ebc8    00000031     (.cinit..data.load) [load image, compression = rle]
                  0000ebf9    00000001     --HOLE-- [fill = 0]
                  0000ebfa    00000006     (__TI_handler_table)
                  0000ec00    00000004     (.cinit..bss.load) [load image, compression = zero_init]
                  0000ec04    00000008     (__TI_cinit_table)

.init_array 
*          0    0000c000    00000000     UNINITIALIZED

.TI.persistent 
*          0    00000200    00000000     UNINITIALIZED

.TI.noinit 
*          0    00000292    00000000     UNINITIALIZED

PORT1      0    0000ffe4    00000002     
                  0000ffe4    00000002     reels.obj (.int02)

PORT2      0    0000ffe6    00000002     
                  0000ffe6    00000002     reels.obj (.int03)

ADC10      0    0000ffea    00000002     
                  0000ffea    00000002     rts430_eabi.lib : int05.obj (.int05)

USCIAB0TX 
*          0    0000ffec    00000002     
                  0000ffec    00000002     serial_handler.obj (.int06)

USCIAB0RX 
*          0    0000ffee    00000002     
                  0000ffee    00000002     serial_handler.obj (.int07)

TIMER0_A1 
*          0    0000fff0    00000002     
                  0000fff0    00000002     rts430_eabi.lib : int08.obj (.int08)

TIMER0_A0 
*          0    0000fff2    00000002     
                  0000fff2    00000002     rts430_eabi.lib : int09.obj (.int09)

WDT        0    0000fff4    00000002     
                  0000fff4    00000002     rts430_eabi.lib : int10.obj (.int10)

COMPARATORA 
*          0    0000fff6    00000002     
                  0000fff6    00000002     rts430_eabi.lib : int11.obj (.int11)

TIMER1_A1 
*          0    0000fff8    00000002     
                  0000fff8    00000002     rts430_eabi.lib : int12.obj (.int12)

TIMER1_A0 
*          0    0000fffa    00000002     
                  0000fffa    00000002     reels.obj (.int13)

NMI        0    0000fffc    00000002     
                  0000fffc    00000002     rts430_eabi.lib : int14.obj (.int14)

.reset     0    0000fffe    00000002     
                  0000fffe    00000002     rts430_eabi.lib : boot.obj (.reset)


LINKER GENERATED COPY TABLES

__TI_cinit_table @ 0000ec04 records: 2, size/record: 4, table size: 8
	.data: load addr=0000ebc8, load size=00000031 bytes, run addr=00000200, run size=00000092 bytes, compression=rle
	.bss: load addr=0000ec00, load size=00000004 bytes, run addr=00000292, run size=00000074 bytes, compression=zero_init


LINKER GENERATED HANDLER TABLE

__TI_handler_table @ 0000ebfa records: 3, size/record: 2, table size: 6
	index: 0, handler: __TI_zero_init
	index: 1, handler: __TI_decompress_rle24
	index: 2, handler: __TI_decompress_none


GLOBAL SYMBOLS: SORTED ALPHABETICALLY BY Name 

address   name                    
-------   ----                    
0000004a  ADC10AE0                
000001b0  ADC10CTL0               
000001b2  ADC10CTL1               
00000048  ADC10DTC0               
00000049  ADC10DTC1               
000001b4  ADC10MEM                
000001bc  ADC10SA                 
000002fe  ALL_STOP_FLAG           
00000057  BCSCTL1                 
00000058  BCSCTL2                 
00000053  BCSCTL3                 
0000eb16  C$$EXIT                 
00000059  CACTL1                  
0000005a  CACTL2                  
000010fb  CALBC1_12MHZ            
000010f9  CALBC1_16MHZ            
000010ff  CALBC1_1MHZ             
000010fd  CALBC1_8MHZ             
000010fa  CALDCO_12MHZ            
000010f8  CALDCO_16MHZ            
000010fe  CALDCO_1MHZ             
000010fc  CALDCO_8MHZ             
0000005b  CAPD                    
00000056  DCOCTL                  
00000128  FCTL1                   
0000012a  FCTL2                   
0000012c  FCTL3                   
00000000  IE1                     
00000001  IE2                     
00000002  IFG1                    
00000003  IFG2                    
00000022  P1DIR                   
00000025  P1IE                    
00000024  P1IES                   
00000023  P1IFG                   
00000020  P1IN                    
00000021  P1OUT                   
00000027  P1REN                   
00000026  P1SEL                   
00000041  P1SEL2                  
0000002a  P2DIR                   
0000002d  P2IE                    
0000002c  P2IES                   
0000002b  P2IFG                   
00000028  P2IN                    
00000029  P2OUT                   
0000002f  P2REN                   
0000002e  P2SEL                   
00000042  P2SEL2                  
0000001a  P3DIR                   
00000018  P3IN                    
00000019  P3OUT                   
00000010  P3REN                   
0000001b  P3SEL                   
00000043  P3SEL2                  
0000dc1a  Port_1                  
0000e69e  Port_2                  
0000028c  RXData_ptr              
00000172  TA0CCR0                 
00000174  TA0CCR1                 
00000176  TA0CCR2                 
00000162  TA0CCTL0                
00000164  TA0CCTL1                
00000166  TA0CCTL2                
00000160  TA0CTL                  
0000012e  TA0IV                   
00000170  TA0R                    
00000192  TA1CCR0                 
00000194  TA1CCR1                 
00000196  TA1CCR2                 
00000182  TA1CCTL0                
00000184  TA1CCTL1                
00000186  TA1CCTL2                
00000180  TA1CTL                  
0000011e  TA1IV                   
00000190  TA1R                    
000010db  TLV_ADC10_1_LEN         
000010da  TLV_ADC10_1_TAG         
000010c0  TLV_CHECKSUM            
000010f7  TLV_DCO_30_LEN          
000010f6  TLV_DCO_30_TAG          
000002a6  TXData                  
0000028a  TXData_ptr              
0000eafc  Timer_A                 
0000005d  UCA0ABCTL               
00000062  UCA0BR0                 
00000063  UCA0BR1                 
00000060  UCA0CTL0                
00000061  UCA0CTL1                
0000005f  UCA0IRRCTL              
0000005e  UCA0IRTCTL              
00000064  UCA0MCTL                
00000066  UCA0RXBUF               
00000065  UCA0STAT                
00000067  UCA0TXBUF               
0000006a  UCB0BR0                 
0000006b  UCB0BR1                 
00000068  UCB0CTL0                
00000069  UCB0CTL1                
0000006c  UCB0I2CIE               
00000118  UCB0I2COA               
0000011a  UCB0I2CSA               
0000006e  UCB0RXBUF               
0000006d  UCB0STAT                
0000006f  UCB0TXBUF               
0000e14e  USCI0RX_ISR             
0000e3e4  USCI0TX_ISR             
00000120  WDTCTL                  
0000ca3e  _Atan                   
00000200  _Denorm                 
00000210  _Eps                    
00000220  _Hugeval                
00000230  _Inf                    
00000240  _Nan                    
00000260  _Rteps                  
00000250  _Snan                   
00000270  _Xbig                   
00000278  _Zero                   
00000400  __STACK_END             
00000050  __STACK_SIZE            
0000ec04  __TI_CINIT_Base         
0000ec0c  __TI_CINIT_Limit        
0000ebfa  __TI_Handler_Table_Base 
0000ec00  __TI_Handler_Table_Limit
UNDEFED   __TI_INITARRAY_Base     
UNDEFED   __TI_INITARRAY_Limit    
0000eb06  __TI_ISR_TRAP           
0000ea96  __TI_decompress_none    
0000eb0c  __TI_decompress_rle24   
0000cf8a  __TI_frcaddd            
0000c000  __TI_frcdivd            
0000c462  __TI_frcmpyd            
0000ffe4  __TI_int02              
0000ffe6  __TI_int03              
0000ffea  __TI_int05              
0000ffec  __TI_int06              
0000ffee  __TI_int07              
0000fff0  __TI_int08              
0000fff2  __TI_int09              
0000fff4  __TI_int10              
0000fff6  __TI_int11              
0000fff8  __TI_int12              
0000fffa  __TI_int13              
0000fffc  __TI_int14              
0000df64  __TI_renormd            
0000ea6e  __TI_zero_init          
ffffffff  __binit__               
ffffffff  __c_args__              
0000c756  __mspabi_addd           
0000dcfa  __mspabi_cmpd           
0000e73a  __mspabi_cmpf           
0000e1dc  __mspabi_cvtdf          
0000e44e  __mspabi_cvtfd          
0000d424  __mspabi_divd           
0000e022  __mspabi_divf           
0000e95a  __mspabi_divi           
0000ea58  __mspabi_divu           
0000e51e  __mspabi_fixfi          
0000e83a  __mspabi_fltif          
0000eaf8  __mspabi_func_epilog_1  
0000eaf6  __mspabi_func_epilog_2  
0000eaf4  __mspabi_func_epilog_3  
0000eaf2  __mspabi_func_epilog_4  
0000eaf0  __mspabi_func_epilog_5  
0000eaee  __mspabi_func_epilog_6  
0000eaec  __mspabi_func_epilog_7  
0000cd1c  __mspabi_mpyd           
0000dea2  __mspabi_mpyf           
0000ea82  __mspabi_mpyi           
0000ea82  __mspabi_mpyi_sw        
0000e9dc  __mspabi_mpyl           
0000e9dc  __mspabi_mpyl_sw        
0000e9b2  __mspabi_negd           
0000e95a  __mspabi_remi           
0000ea58  __mspabi_remu           
0000e986  __mspabi_slli           
0000e9ae  __mspabi_slli_1         
0000e99c  __mspabi_slli_10        
0000e99a  __mspabi_slli_11        
0000e998  __mspabi_slli_12        
0000e996  __mspabi_slli_13        
0000e994  __mspabi_slli_14        
0000e992  __mspabi_slli_15        
0000e9ac  __mspabi_slli_2         
0000e9aa  __mspabi_slli_3         
0000e9a8  __mspabi_slli_4         
0000e9a6  __mspabi_slli_5         
0000e9a4  __mspabi_slli_6         
0000e9a2  __mspabi_slli_7         
0000e9a0  __mspabi_slli_8         
0000e99e  __mspabi_slli_9         
0000eadc  __mspabi_slll           
0000e7fa  __mspabi_slll_1         
0000e7d6  __mspabi_slll_10        
0000e7d2  __mspabi_slll_11        
0000e7ce  __mspabi_slll_12        
0000e7ca  __mspabi_slll_13        
0000e7c6  __mspabi_slll_14        
0000e7c2  __mspabi_slll_15        
0000e7f6  __mspabi_slll_2         
0000e7f2  __mspabi_slll_3         
0000e7ee  __mspabi_slll_4         
0000e7ea  __mspabi_slll_5         
0000e7e6  __mspabi_slll_6         
0000e7e2  __mspabi_slll_7         
0000e7de  __mspabi_slll_8         
0000e7da  __mspabi_slll_9         
0000e92e  __mspabi_srai           
0000e956  __mspabi_srai_1         
0000e944  __mspabi_srai_10        
0000e942  __mspabi_srai_11        
0000e940  __mspabi_srai_12        
0000e93e  __mspabi_srai_13        
0000e93c  __mspabi_srai_14        
0000e93a  __mspabi_srai_15        
0000e954  __mspabi_srai_2         
0000e952  __mspabi_srai_3         
0000e950  __mspabi_srai_4         
0000e94e  __mspabi_srai_5         
0000e94c  __mspabi_srai_6         
0000e94a  __mspabi_srai_7         
0000e948  __mspabi_srai_8         
0000e946  __mspabi_srai_9         
0000eacc  __mspabi_sral           
0000e7bc  __mspabi_sral_1         
0000e798  __mspabi_sral_10        
0000e794  __mspabi_sral_11        
0000e790  __mspabi_sral_12        
0000e78c  __mspabi_sral_13        
0000e788  __mspabi_sral_14        
0000e784  __mspabi_sral_15        
0000e7b8  __mspabi_sral_2         
0000e7b4  __mspabi_sral_3         
0000e7b0  __mspabi_sral_4         
0000e7ac  __mspabi_sral_5         
0000e7a8  __mspabi_sral_6         
0000e7a4  __mspabi_sral_7         
0000e7a0  __mspabi_sral_8         
0000e79c  __mspabi_sral_9         
0000e6ee  __mspabi_srli           
0000e734  __mspabi_srli_1         
0000e710  __mspabi_srli_10        
0000e70c  __mspabi_srli_11        
0000e708  __mspabi_srli_12        
0000e704  __mspabi_srli_13        
0000e700  __mspabi_srli_14        
0000e6fc  __mspabi_srli_15        
0000e730  __mspabi_srli_2         
0000e72c  __mspabi_srli_3         
0000e728  __mspabi_srli_4         
0000e724  __mspabi_srli_5         
0000e720  __mspabi_srli_6         
0000e71c  __mspabi_srli_7         
0000e718  __mspabi_srli_8         
0000e714  __mspabi_srli_9         
0000eaa8  __mspabi_srll           
0000e63e  __mspabi_srll_1         
0000e608  __mspabi_srll_10        
0000e602  __mspabi_srll_11        
0000e5fc  __mspabi_srll_12        
0000e5f6  __mspabi_srll_13        
0000e5f0  __mspabi_srll_14        
0000e5ea  __mspabi_srll_15        
0000e638  __mspabi_srll_2         
0000e632  __mspabi_srll_3         
0000e62c  __mspabi_srll_4         
0000e626  __mspabi_srll_5         
0000e620  __mspabi_srll_6         
0000e61a  __mspabi_srll_7         
0000e614  __mspabi_srll_8         
0000e60e  __mspabi_srll_9         
0000e8d2  __mspabi_subd           
0000e646  _auto_init              
0000ea24  _c_int00_noargs_noexit  
0000fffe  _reset_vector           
000003b0  _stack                  
0000eb12  _system_pre_init        
0000eb16  abort                   
0000ea02  all_stop_fun            
0000d9ee  atan                    
0000e2ea  autoLevel               
000002ff  autolevel_flag          
000002e2  average                 
00000292  avg_angle               
00000300  avg_pointer             
ffffffff  binit                   
000002ea  cur_reel_depth          
000002e6  current_angle           
000002ec  e_tx_ptr                
00000281  eos_flag                
0000db08  getLevel                
00000301  get_level_flag          
0000e0bc  goToClick               
000002b2  i2cRXData               
00000284  i2cRXData_ptr           
000002be  i2cTXData               
00000282  i2cTXData_ptr           
0000ea3e  i2c_init                
0000d1ea  i2c_rx_bb               
0000e800  i2c_slave_init          
00000288  i2cmode                 
00000286  i2crxflag               
0000ddd6  initReel                
0000e870  init_ADXL               
0000d846  input_handler           
00000302  interrupt_code          
000002ee  k                       
000002f0  lvl_compare             
0000d65c  main                    
0000eaba  memcpy                  
0000e368  num2str                 
00000303  pu_flag                 
0000028e  pwmread                 
00000290  pwmval                  
0000e4b6  read_ADXL               
000002f2  reel_dir                
00000304  reel_flag               
000002ca  rx_data_str             
00000280  rx_flag                 
000002f4  set_angle               
000002f6  set_reel_depth          
00000305  status_code             
0000e900  str2num                 
000002f8  timeout_count1          
000002fa  timeout_count2          
000002d6  tx_data_str             
000002fc  tx_ptr                  
0000e268  uart_init               
0000e8a2  uart_write_string       


GLOBAL SYMBOLS: SORTED BY Symbol Address 

address   name                    
-------   ----                    
00000000  IE1                     
00000001  IE2                     
00000002  IFG1                    
00000003  IFG2                    
00000010  P3REN                   
00000018  P3IN                    
00000019  P3OUT                   
0000001a  P3DIR                   
0000001b  P3SEL                   
00000020  P1IN                    
00000021  P1OUT                   
00000022  P1DIR                   
00000023  P1IFG                   
00000024  P1IES                   
00000025  P1IE                    
00000026  P1SEL                   
00000027  P1REN                   
00000028  P2IN                    
00000029  P2OUT                   
0000002a  P2DIR                   
0000002b  P2IFG                   
0000002c  P2IES                   
0000002d  P2IE                    
0000002e  P2SEL                   
0000002f  P2REN                   
00000041  P1SEL2                  
00000042  P2SEL2                  
00000043  P3SEL2                  
00000048  ADC10DTC0               
00000049  ADC10DTC1               
0000004a  ADC10AE0                
00000050  __STACK_SIZE            
00000053  BCSCTL3                 
00000056  DCOCTL                  
00000057  BCSCTL1                 
00000058  BCSCTL2                 
00000059  CACTL1                  
0000005a  CACTL2                  
0000005b  CAPD                    
0000005d  UCA0ABCTL               
0000005e  UCA0IRTCTL              
0000005f  UCA0IRRCTL              
00000060  UCA0CTL0                
00000061  UCA0CTL1                
00000062  UCA0BR0                 
00000063  UCA0BR1                 
00000064  UCA0MCTL                
00000065  UCA0STAT                
00000066  UCA0RXBUF               
00000067  UCA0TXBUF               
00000068  UCB0CTL0                
00000069  UCB0CTL1                
0000006a  UCB0BR0                 
0000006b  UCB0BR1                 
0000006c  UCB0I2CIE               
0000006d  UCB0STAT                
0000006e  UCB0RXBUF               
0000006f  UCB0TXBUF               
00000118  UCB0I2COA               
0000011a  UCB0I2CSA               
0000011e  TA1IV                   
00000120  WDTCTL                  
00000128  FCTL1                   
0000012a  FCTL2                   
0000012c  FCTL3                   
0000012e  TA0IV                   
00000160  TA0CTL                  
00000162  TA0CCTL0                
00000164  TA0CCTL1                
00000166  TA0CCTL2                
00000170  TA0R                    
00000172  TA0CCR0                 
00000174  TA0CCR1                 
00000176  TA0CCR2                 
00000180  TA1CTL                  
00000182  TA1CCTL0                
00000184  TA1CCTL1                
00000186  TA1CCTL2                
00000190  TA1R                    
00000192  TA1CCR0                 
00000194  TA1CCR1                 
00000196  TA1CCR2                 
000001b0  ADC10CTL0               
000001b2  ADC10CTL1               
000001b4  ADC10MEM                
000001bc  ADC10SA                 
00000200  _Denorm                 
00000210  _Eps                    
00000220  _Hugeval                
00000230  _Inf                    
00000240  _Nan                    
00000250  _Snan                   
00000260  _Rteps                  
00000270  _Xbig                   
00000278  _Zero                   
00000280  rx_flag                 
00000281  eos_flag                
00000282  i2cTXData_ptr           
00000284  i2cRXData_ptr           
00000286  i2crxflag               
00000288  i2cmode                 
0000028a  TXData_ptr              
0000028c  RXData_ptr              
0000028e  pwmread                 
00000290  pwmval                  
00000292  avg_angle               
000002a6  TXData                  
000002b2  i2cRXData               
000002be  i2cTXData               
000002ca  rx_data_str             
000002d6  tx_data_str             
000002e2  average                 
000002e6  current_angle           
000002ea  cur_reel_depth          
000002ec  e_tx_ptr                
000002ee  k                       
000002f0  lvl_compare             
000002f2  reel_dir                
000002f4  set_angle               
000002f6  set_reel_depth          
000002f8  timeout_count1          
000002fa  timeout_count2          
000002fc  tx_ptr                  
000002fe  ALL_STOP_FLAG           
000002ff  autolevel_flag          
00000300  avg_pointer             
00000301  get_level_flag          
00000302  interrupt_code          
00000303  pu_flag                 
00000304  reel_flag               
00000305  status_code             
000003b0  _stack                  
00000400  __STACK_END             
000010c0  TLV_CHECKSUM            
000010da  TLV_ADC10_1_TAG         
000010db  TLV_ADC10_1_LEN         
000010f6  TLV_DCO_30_TAG          
000010f7  TLV_DCO_30_LEN          
000010f8  CALDCO_16MHZ            
000010f9  CALBC1_16MHZ            
000010fa  CALDCO_12MHZ            
000010fb  CALBC1_12MHZ            
000010fc  CALDCO_8MHZ             
000010fd  CALBC1_8MHZ             
000010fe  CALDCO_1MHZ             
000010ff  CALBC1_1MHZ             
0000c000  __TI_frcdivd            
0000c462  __TI_frcmpyd            
0000c756  __mspabi_addd           
0000ca3e  _Atan                   
0000cd1c  __mspabi_mpyd           
0000cf8a  __TI_frcaddd            
0000d1ea  i2c_rx_bb               
0000d424  __mspabi_divd           
0000d65c  main                    
0000d846  input_handler           
0000d9ee  atan                    
0000db08  getLevel                
0000dc1a  Port_1                  
0000dcfa  __mspabi_cmpd           
0000ddd6  initReel                
0000dea2  __mspabi_mpyf           
0000df64  __TI_renormd            
0000e022  __mspabi_divf           
0000e0bc  goToClick               
0000e14e  USCI0RX_ISR             
0000e1dc  __mspabi_cvtdf          
0000e268  uart_init               
0000e2ea  autoLevel               
0000e368  num2str                 
0000e3e4  USCI0TX_ISR             
0000e44e  __mspabi_cvtfd          
0000e4b6  read_ADXL               
0000e51e  __mspabi_fixfi          
0000e5ea  __mspabi_srll_15        
0000e5f0  __mspabi_srll_14        
0000e5f6  __mspabi_srll_13        
0000e5fc  __mspabi_srll_12        
0000e602  __mspabi_srll_11        
0000e608  __mspabi_srll_10        
0000e60e  __mspabi_srll_9         
0000e614  __mspabi_srll_8         
0000e61a  __mspabi_srll_7         
0000e620  __mspabi_srll_6         
0000e626  __mspabi_srll_5         
0000e62c  __mspabi_srll_4         
0000e632  __mspabi_srll_3         
0000e638  __mspabi_srll_2         
0000e63e  __mspabi_srll_1         
0000e646  _auto_init              
0000e69e  Port_2                  
0000e6ee  __mspabi_srli           
0000e6fc  __mspabi_srli_15        
0000e700  __mspabi_srli_14        
0000e704  __mspabi_srli_13        
0000e708  __mspabi_srli_12        
0000e70c  __mspabi_srli_11        
0000e710  __mspabi_srli_10        
0000e714  __mspabi_srli_9         
0000e718  __mspabi_srli_8         
0000e71c  __mspabi_srli_7         
0000e720  __mspabi_srli_6         
0000e724  __mspabi_srli_5         
0000e728  __mspabi_srli_4         
0000e72c  __mspabi_srli_3         
0000e730  __mspabi_srli_2         
0000e734  __mspabi_srli_1         
0000e73a  __mspabi_cmpf           
0000e784  __mspabi_sral_15        
0000e788  __mspabi_sral_14        
0000e78c  __mspabi_sral_13        
0000e790  __mspabi_sral_12        
0000e794  __mspabi_sral_11        
0000e798  __mspabi_sral_10        
0000e79c  __mspabi_sral_9         
0000e7a0  __mspabi_sral_8         
0000e7a4  __mspabi_sral_7         
0000e7a8  __mspabi_sral_6         
0000e7ac  __mspabi_sral_5         
0000e7b0  __mspabi_sral_4         
0000e7b4  __mspabi_sral_3         
0000e7b8  __mspabi_sral_2         
0000e7bc  __mspabi_sral_1         
0000e7c2  __mspabi_slll_15        
0000e7c6  __mspabi_slll_14        
0000e7ca  __mspabi_slll_13        
0000e7ce  __mspabi_slll_12        
0000e7d2  __mspabi_slll_11        
0000e7d6  __mspabi_slll_10        
0000e7da  __mspabi_slll_9         
0000e7de  __mspabi_slll_8         
0000e7e2  __mspabi_slll_7         
0000e7e6  __mspabi_slll_6         
0000e7ea  __mspabi_slll_5         
0000e7ee  __mspabi_slll_4         
0000e7f2  __mspabi_slll_3         
0000e7f6  __mspabi_slll_2         
0000e7fa  __mspabi_slll_1         
0000e800  i2c_slave_init          
0000e83a  __mspabi_fltif          
0000e870  init_ADXL               
0000e8a2  uart_write_string       
0000e8d2  __mspabi_subd           
0000e900  str2num                 
0000e92e  __mspabi_srai           
0000e93a  __mspabi_srai_15        
0000e93c  __mspabi_srai_14        
0000e93e  __mspabi_srai_13        
0000e940  __mspabi_srai_12        
0000e942  __mspabi_srai_11        
0000e944  __mspabi_srai_10        
0000e946  __mspabi_srai_9         
0000e948  __mspabi_srai_8         
0000e94a  __mspabi_srai_7         
0000e94c  __mspabi_srai_6         
0000e94e  __mspabi_srai_5         
0000e950  __mspabi_srai_4         
0000e952  __mspabi_srai_3         
0000e954  __mspabi_srai_2         
0000e956  __mspabi_srai_1         
0000e95a  __mspabi_divi           
0000e95a  __mspabi_remi           
0000e986  __mspabi_slli           
0000e992  __mspabi_slli_15        
0000e994  __mspabi_slli_14        
0000e996  __mspabi_slli_13        
0000e998  __mspabi_slli_12        
0000e99a  __mspabi_slli_11        
0000e99c  __mspabi_slli_10        
0000e99e  __mspabi_slli_9         
0000e9a0  __mspabi_slli_8         
0000e9a2  __mspabi_slli_7         
0000e9a4  __mspabi_slli_6         
0000e9a6  __mspabi_slli_5         
0000e9a8  __mspabi_slli_4         
0000e9aa  __mspabi_slli_3         
0000e9ac  __mspabi_slli_2         
0000e9ae  __mspabi_slli_1         
0000e9b2  __mspabi_negd           
0000e9dc  __mspabi_mpyl           
0000e9dc  __mspabi_mpyl_sw        
0000ea02  all_stop_fun            
0000ea24  _c_int00_noargs_noexit  
0000ea3e  i2c_init                
0000ea58  __mspabi_divu           
0000ea58  __mspabi_remu           
0000ea6e  __TI_zero_init          
0000ea82  __mspabi_mpyi           
0000ea82  __mspabi_mpyi_sw        
0000ea96  __TI_decompress_none    
0000eaa8  __mspabi_srll           
0000eaba  memcpy                  
0000eacc  __mspabi_sral           
0000eadc  __mspabi_slll           
0000eaec  __mspabi_func_epilog_7  
0000eaee  __mspabi_func_epilog_6  
0000eaf0  __mspabi_func_epilog_5  
0000eaf2  __mspabi_func_epilog_4  
0000eaf4  __mspabi_func_epilog_3  
0000eaf6  __mspabi_func_epilog_2  
0000eaf8  __mspabi_func_epilog_1  
0000eafc  Timer_A                 
0000eb06  __TI_ISR_TRAP           
0000eb0c  __TI_decompress_rle24   
0000eb12  _system_pre_init        
0000eb16  C$$EXIT                 
0000eb16  abort                   
0000ebfa  __TI_Handler_Table_Base 
0000ec00  __TI_Handler_Table_Limit
0000ec04  __TI_CINIT_Base         
0000ec0c  __TI_CINIT_Limit        
0000ffe4  __TI_int02              
0000ffe6  __TI_int03              
0000ffea  __TI_int05              
0000ffec  __TI_int06              
0000ffee  __TI_int07              
0000fff0  __TI_int08              
0000fff2  __TI_int09              
0000fff4  __TI_int10              
0000fff6  __TI_int11              
0000fff8  __TI_int12              
0000fffa  __TI_int13              
0000fffc  __TI_int14              
0000fffe  _reset_vector           
ffffffff  __binit__               
ffffffff  __c_args__              
ffffffff  binit                   
UNDEFED   __TI_INITARRAY_Base     
UNDEFED   __TI_INITARRAY_Limit    

[329 symbols]
