******************************************************************************
                  MSP430 Linker PC v4.1.5                      
******************************************************************************
>> Linked Mon Apr 04 09:20:26 2016

OUTPUT FILE NAME:   <I2C_Slave_Arm_detect.out>
ENTRY POINT SYMBOL: "_c_int00"  address: 0000cc28


MEMORY CONFIGURATION

         name            origin    length      used     unused   attr    fill
----------------------  --------  ---------  --------  --------  ----  --------
  SFR                   00000000   00000010  00000000  00000010  RWIX
  PERIPHERALS_8BIT      00000010   000000f0  00000000  000000f0  RWIX
  PERIPHERALS_16BIT     00000100   00000100  00000000  00000100  RWIX
  RAM                   00000200   00000200  00000142  000000be  RWIX
  INFOD                 00001000   00000040  00000000  00000040  RWIX
  INFOC                 00001040   00000040  00000000  00000040  RWIX
  INFOB                 00001080   00000040  00000000  00000040  RWIX
  INFOA                 000010c0   00000040  00000000  00000040  RWIX
  FLASH                 0000c000   00003fe0  00000d38  000032a8  RWIX
  INT00                 0000ffe0   00000002  00000000  00000002  RWIX
  INT01                 0000ffe2   00000002  00000000  00000002  RWIX
  INT02                 0000ffe4   00000002  00000000  00000002  RWIX
  INT03                 0000ffe6   00000002  00000000  00000002  RWIX
  INT04                 0000ffe8   00000002  00000000  00000002  RWIX
  INT05                 0000ffea   00000002  00000000  00000002  RWIX
  INT06                 0000ffec   00000002  00000002  00000000  RWIX
  INT07                 0000ffee   00000002  00000002  00000000  RWIX
  INT08                 0000fff0   00000002  00000000  00000002  RWIX
  INT09                 0000fff2   00000002  00000000  00000002  RWIX
  INT10                 0000fff4   00000002  00000000  00000002  RWIX
  INT11                 0000fff6   00000002  00000000  00000002  RWIX
  INT12                 0000fff8   00000002  00000000  00000002  RWIX
  INT13                 0000fffa   00000002  00000000  00000002  RWIX
  INT14                 0000fffc   00000002  00000000  00000002  RWIX
  RESET                 0000fffe   00000002  00000002  00000000  RWIX


SECTION ALLOCATION MAP

 output                                  attributes/
section   page    origin      length       input sections
--------  ----  ----------  ----------   ----------------
.init_array 
*          0    0000c000    00000000     UNINITIALIZED

.bss       0    00000200    00000080     UNINITIALIZED
                  00000200    00000080     main.obj (.bss)

.TI.noinit 
*          0    00000200    00000000     UNINITIALIZED

.data      0    00000280    00000072     
                  00000280    00000068     rts430_eabi.lib : xfvalues.obj (.data)
                  000002e8    0000000a     main.obj (.data)

.TI.persistent 
*          0    00000280    00000000     UNINITIALIZED

.stack     0    000003b0    00000050     UNINITIALIZED
                  000003b0    00000002     rts430_eabi.lib : boot.obj (.stack)
                  000003b2    0000004e     --HOLE--

.text      0    0000c000    00000cd2     
                  0000c000    0000023a     i2c.obj (.text:i2c_rx_bb)
                  0000c23a    0000021a     main.obj (.text:main)
                  0000c454    00000140     rts430_eabi.lib : xfatan.obj (.text:_FAtan)
                  0000c594    00000130                     : fs_add.obj (.text)
                  0000c6c4    00000104                     : atan2f.obj (.text:atan2f)
                  0000c7c8    000000c2                     : fs_mpy.obj (.text)
                  0000c88a    0000009a                     : fs_div.obj (.text)
                  0000c924    00000068                     : fs_toi.obj (.text)
                  0000c98c    00000064     main.obj (.text:read_HMC5833L)
                  0000c9f0    0000005e     rts430_eabi.lib : copy_decompress_rle.obj (.text:__TI_decompress_rle_core)
                  0000ca4e    0000005e                     : autoinit.obj (.text:_auto_init)
                  0000caac    0000004a                     : fs_cmp.obj (.text)
                  0000caf6    0000003c                     : xfdtest.obj (.text:_FDtest)
                  0000cb32    0000003a     main.obj (.text:USCIAB0RX_ISR)
                  0000cb6c    00000036     rts430_eabi.lib : fs_itof.obj (.text)
                  0000cba2    0000002e     main.obj (.text:USCIAB0TX_ISR)
                  0000cbd0    0000002c     main.obj (.text:init_HMC5883L)
                  0000cbfc    0000002c     rts430_eabi.lib : div16s.obj (.text)
                  0000cc28    0000001a                     : boot.obj (.text:_c_int00_noexit)
                  0000cc42    0000001a     i2c.obj (.text:i2c_init)
                  0000cc5c    00000016     rts430_eabi.lib : div16u.obj (.text)
                  0000cc72    00000014                     : copy_zero_init.obj (.text:decompress:ZI:__TI_zero_init)
                  0000cc86    00000012                     : copy_decompress_none.obj (.text:decompress:none:__TI_decompress_none)
                  0000cc98    00000012                     : memcpy.obj (.text:memcpy)
                  0000ccaa    00000010                     : epilog.obj (.text)
                  0000ccba    0000000a                     : fs_neg.obj (.text)
                  0000ccc4    00000006                     : copy_decompress_rle.obj (.text:decompress:rle24:__TI_decompress_rle24)
                  0000ccca    00000004                     : pre_init.obj (.text:_system_pre_init)
                  0000ccce    00000004                     : exit.obj (.text:abort)

.const     0    0000ccd2    0000002c     
                  0000ccd2    00000020     rts430_eabi.lib : xfatan.obj (.const:a)
                  0000ccf2    00000008                     : xfatan.obj (.const:c)
                  0000ccfa    00000004                     : xfatan.obj (.const:s)

.cinit     0    0000ccfe    0000003a     
                  0000ccfe    00000028     (.cinit..data.load) [load image, compression = rle]
                  0000cd26    00000006     (__TI_handler_table)
                  0000cd2c    00000004     (.cinit..bss.load) [load image, compression = zero_init]
                  0000cd30    00000008     (__TI_cinit_table)

USCIAB0TX 
*          0    0000ffec    00000002     
                  0000ffec    00000002     main.obj (.int06)

USCIAB0RX 
*          0    0000ffee    00000002     
                  0000ffee    00000002     main.obj (.int07)

.reset     0    0000fffe    00000002     
                  0000fffe    00000002     rts430_eabi.lib : boot.obj (.reset)


LINKER GENERATED COPY TABLES

__TI_cinit_table @ 0000cd30 records: 2, size/record: 4, table size: 8
	.data: load addr=0000ccfe, load size=00000028 bytes, run addr=00000280, run size=00000072 bytes, compression=rle
	.bss: load addr=0000cd2c, load size=00000004 bytes, run addr=00000200, run size=00000080 bytes, compression=zero_init


LINKER GENERATED HANDLER TABLE

__TI_handler_table @ 0000cd26 records: 3, size/record: 2, table size: 6
	index: 0, handler: __TI_zero_init
	index: 1, handler: __TI_decompress_rle24
	index: 2, handler: __TI_decompress_none


GLOBAL SYMBOLS: SORTED ALPHABETICALLY BY Name 

address    name
--------   ----
0000004a   ADC10AE0
000001b0   ADC10CTL0
000001b2   ADC10CTL1
00000048   ADC10DTC0
00000049   ADC10DTC1
000001b4   ADC10MEM
000001bc   ADC10SA
00000057   BCSCTL1
00000058   BCSCTL2
00000053   BCSCTL3
0000ccce   C$$EXIT
00000059   CACTL1
0000005a   CACTL2
000010fb   CALBC1_12MHZ
000010f9   CALBC1_16MHZ
000010ff   CALBC1_1MHZ
000010fd   CALBC1_8MHZ
000010fa   CALDCO_12MHZ
000010f8   CALDCO_16MHZ
000010fe   CALDCO_1MHZ
000010fc   CALDCO_8MHZ
0000005b   CAPD
00000056   DCOCTL
00000128   FCTL1
0000012a   FCTL2
0000012c   FCTL3
00000000   IE1
00000001   IE2
00000002   IFG1
00000003   IFG2
00000022   P1DIR
00000025   P1IE
00000024   P1IES
00000023   P1IFG
00000020   P1IN
00000021   P1OUT
00000027   P1REN
00000026   P1SEL
00000041   P1SEL2
0000002a   P2DIR
0000002d   P2IE
0000002c   P2IES
0000002b   P2IFG
00000028   P2IN
00000029   P2OUT
0000002f   P2REN
0000002e   P2SEL
00000042   P2SEL2
0000001a   P3DIR
00000018   P3IN
00000019   P3OUT
00000010   P3REN
0000001b   P3SEL
00000043   P3SEL2
00000240   RXData
000002ea   RXData_ptr
00000172   TA0CCR0
00000174   TA0CCR1
00000176   TA0CCR2
00000162   TA0CCTL0
00000164   TA0CCTL1
00000166   TA0CCTL2
00000160   TA0CTL
0000012e   TA0IV
00000170   TA0R
00000192   TA1CCR0
00000194   TA1CCR1
00000196   TA1CCR2
00000182   TA1CCTL0
00000184   TA1CCTL1
00000186   TA1CCTL2
00000180   TA1CTL
0000011e   TA1IV
00000190   TA1R
00000200   TXData
000002e8   TXData_ptr
0000005d   UCA0ABCTL
00000062   UCA0BR0
00000063   UCA0BR1
00000060   UCA0CTL0
00000061   UCA0CTL1
0000005f   UCA0IRRCTL
0000005e   UCA0IRTCTL
00000064   UCA0MCTL
00000066   UCA0RXBUF
00000065   UCA0STAT
00000067   UCA0TXBUF
0000006a   UCB0BR0
0000006b   UCB0BR1
00000068   UCB0CTL0
00000069   UCB0CTL1
0000006c   UCB0I2CIE
00000118   UCB0I2COA
0000011a   UCB0I2CSA
0000006e   UCB0RXBUF
0000006d   UCB0STAT
0000006f   UCB0TXBUF
0000cb32   USCIAB0RX_ISR
0000cba2   USCIAB0TX_ISR
00000120   WDTCTL
0000c454   _FAtan
00000280   _FDenorm
0000caf6   _FDtest
00000290   _FEps
000002a0   _FInf
000002b0   _FNan
000002d0   _FRteps
000002c0   _FSnan
000002e0   _FXbig
000002e4   _FZero
00000400   __STACK_END
00000050   __STACK_SIZE
0000cd30   __TI_CINIT_Base
0000cd38   __TI_CINIT_Limit
0000cd26   __TI_Handler_Table_Base
0000cd2c   __TI_Handler_Table_Limit
UNDEFED    __TI_INITARRAY_Base
UNDEFED    __TI_INITARRAY_Limit
00000001   __TI_args_main
0000cc86   __TI_decompress_none
0000ccc4   __TI_decompress_rle24
00000001   __TI_exit
0000cc72   __TI_zero_init
ffffffff   __binit__
ffffffff   __c_args__
0000c59a   __mspabi_addf
0000caac   __mspabi_cmpf
0000c88a   __mspabi_divf
0000cbfc   __mspabi_divi
0000cc5c   __mspabi_divu
0000c924   __mspabi_fixfi
0000cb6c   __mspabi_fltif
0000ccb6   __mspabi_func_epilog_1
0000ccb4   __mspabi_func_epilog_2
0000ccb2   __mspabi_func_epilog_3
0000ccb0   __mspabi_func_epilog_4
0000ccae   __mspabi_func_epilog_5
0000ccac   __mspabi_func_epilog_6
0000ccaa   __mspabi_func_epilog_7
0000c7c8   __mspabi_mpyf
0000ccba   __mspabi_negf
0000cbfc   __mspabi_remi
0000cc5c   __mspabi_remu
0000c594   __mspabi_subf
0000ca4e   _auto_init
0000cc28   _c_int00
0000cc28   _c_int00_noexit
0000fffe   _reset_vector
000003b0   _stack
0000ccca   _system_pre_init
0000ccce   abort
0000c6c4   atan2f
ffffffff   binit
0000cc42   i2c_init
0000c000   i2c_rx_bb
000002f0   i2cmode
000002ec   i2crxflag
0000cbd0   init_HMC5883L
0000c23a   main
0000cc98   memcpy
0000c98c   read_HMC5833L
000002ee   sampstate


GLOBAL SYMBOLS: SORTED BY Symbol Address 

address    name
--------   ----
00000000   IE1
00000001   IE2
00000001   __TI_args_main
00000001   __TI_exit
00000002   IFG1
00000003   IFG2
00000010   P3REN
00000018   P3IN
00000019   P3OUT
0000001a   P3DIR
0000001b   P3SEL
00000020   P1IN
00000021   P1OUT
00000022   P1DIR
00000023   P1IFG
00000024   P1IES
00000025   P1IE
00000026   P1SEL
00000027   P1REN
00000028   P2IN
00000029   P2OUT
0000002a   P2DIR
0000002b   P2IFG
0000002c   P2IES
0000002d   P2IE
0000002e   P2SEL
0000002f   P2REN
00000041   P1SEL2
00000042   P2SEL2
00000043   P3SEL2
00000048   ADC10DTC0
00000049   ADC10DTC1
0000004a   ADC10AE0
00000050   __STACK_SIZE
00000053   BCSCTL3
00000056   DCOCTL
00000057   BCSCTL1
00000058   BCSCTL2
00000059   CACTL1
0000005a   CACTL2
0000005b   CAPD
0000005d   UCA0ABCTL
0000005e   UCA0IRTCTL
0000005f   UCA0IRRCTL
00000060   UCA0CTL0
00000061   UCA0CTL1
00000062   UCA0BR0
00000063   UCA0BR1
00000064   UCA0MCTL
00000065   UCA0STAT
00000066   UCA0RXBUF
00000067   UCA0TXBUF
00000068   UCB0CTL0
00000069   UCB0CTL1
0000006a   UCB0BR0
0000006b   UCB0BR1
0000006c   UCB0I2CIE
0000006d   UCB0STAT
0000006e   UCB0RXBUF
0000006f   UCB0TXBUF
00000118   UCB0I2COA
0000011a   UCB0I2CSA
0000011e   TA1IV
00000120   WDTCTL
00000128   FCTL1
0000012a   FCTL2
0000012c   FCTL3
0000012e   TA0IV
00000160   TA0CTL
00000162   TA0CCTL0
00000164   TA0CCTL1
00000166   TA0CCTL2
00000170   TA0R
00000172   TA0CCR0
00000174   TA0CCR1
00000176   TA0CCR2
00000180   TA1CTL
00000182   TA1CCTL0
00000184   TA1CCTL1
00000186   TA1CCTL2
00000190   TA1R
00000192   TA1CCR0
00000194   TA1CCR1
00000196   TA1CCR2
000001b0   ADC10CTL0
000001b2   ADC10CTL1
000001b4   ADC10MEM
000001bc   ADC10SA
00000200   TXData
00000240   RXData
00000280   _FDenorm
00000290   _FEps
000002a0   _FInf
000002b0   _FNan
000002c0   _FSnan
000002d0   _FRteps
000002e0   _FXbig
000002e4   _FZero
000002e8   TXData_ptr
000002ea   RXData_ptr
000002ec   i2crxflag
000002ee   sampstate
000002f0   i2cmode
000003b0   _stack
00000400   __STACK_END
000010f8   CALDCO_16MHZ
000010f9   CALBC1_16MHZ
000010fa   CALDCO_12MHZ
000010fb   CALBC1_12MHZ
000010fc   CALDCO_8MHZ
000010fd   CALBC1_8MHZ
000010fe   CALDCO_1MHZ
000010ff   CALBC1_1MHZ
0000c000   i2c_rx_bb
0000c23a   main
0000c454   _FAtan
0000c594   __mspabi_subf
0000c59a   __mspabi_addf
0000c6c4   atan2f
0000c7c8   __mspabi_mpyf
0000c88a   __mspabi_divf
0000c924   __mspabi_fixfi
0000c98c   read_HMC5833L
0000ca4e   _auto_init
0000caac   __mspabi_cmpf
0000caf6   _FDtest
0000cb32   USCIAB0RX_ISR
0000cb6c   __mspabi_fltif
0000cba2   USCIAB0TX_ISR
0000cbd0   init_HMC5883L
0000cbfc   __mspabi_divi
0000cbfc   __mspabi_remi
0000cc28   _c_int00
0000cc28   _c_int00_noexit
0000cc42   i2c_init
0000cc5c   __mspabi_divu
0000cc5c   __mspabi_remu
0000cc72   __TI_zero_init
0000cc86   __TI_decompress_none
0000cc98   memcpy
0000ccaa   __mspabi_func_epilog_7
0000ccac   __mspabi_func_epilog_6
0000ccae   __mspabi_func_epilog_5
0000ccb0   __mspabi_func_epilog_4
0000ccb2   __mspabi_func_epilog_3
0000ccb4   __mspabi_func_epilog_2
0000ccb6   __mspabi_func_epilog_1
0000ccba   __mspabi_negf
0000ccc4   __TI_decompress_rle24
0000ccca   _system_pre_init
0000ccce   C$$EXIT
0000ccce   abort
0000cd26   __TI_Handler_Table_Base
0000cd2c   __TI_Handler_Table_Limit
0000cd30   __TI_CINIT_Base
0000cd38   __TI_CINIT_Limit
0000fffe   _reset_vector
ffffffff   __binit__
ffffffff   __c_args__
ffffffff   binit
UNDEFED    __TI_INITARRAY_Base
UNDEFED    __TI_INITARRAY_Limit

[162 symbols]
