******************************************************************************
                  MSP430 Linker PC v4.1.5                      
******************************************************************************
>> Linked Sat Apr 30 16:09:16 2016

OUTPUT FILE NAME:   <I2C_MASTER.out>
ENTRY POINT SYMBOL: "_c_int00"  address: 0000c8ac


MEMORY CONFIGURATION

         name            origin    length      used     unused   attr    fill
----------------------  --------  ---------  --------  --------  ----  --------
  SFR                   00000000   00000010  00000000  00000010  RWIX
  PERIPHERALS_8BIT      00000010   000000f0  00000000  000000f0  RWIX
  PERIPHERALS_16BIT     00000100   00000100  00000000  00000100  RWIX
  RAM                   00000200   00000200  000000aa  00000156  RWIX
  INFOD                 00001000   00000040  00000000  00000040  RWIX
  INFOC                 00001040   00000040  00000000  00000040  RWIX
  INFOB                 00001080   00000040  00000000  00000040  RWIX
  INFOA                 000010c0   00000040  00000000  00000040  RWIX
  FLASH                 0000c000   00003fe0  000009b2  0000362e  RWIX
  INT00                 0000ffe0   00000002  00000000  00000002  RWIX
  INT01                 0000ffe2   00000002  00000000  00000002  RWIX
  INT02                 0000ffe4   00000002  00000000  00000002  RWIX
  INT03                 0000ffe6   00000002  00000000  00000002  RWIX
  INT04                 0000ffe8   00000002  00000000  00000002  RWIX
  INT05                 0000ffea   00000002  00000000  00000002  RWIX
  INT06                 0000ffec   00000002  00000002  00000000  RWIX
  INT07                 0000ffee   00000002  00000002  00000000  RWIX
  INT08                 0000fff0   00000002  00000000  00000002  RWIX
  INT09                 0000fff2   00000002  00000000  00000002  RWIX
  INT10                 0000fff4   00000002  00000000  00000002  RWIX
  INT11                 0000fff6   00000002  00000000  00000002  RWIX
  INT12                 0000fff8   00000002  00000000  00000002  RWIX
  INT13                 0000fffa   00000002  00000000  00000002  RWIX
  INT14                 0000fffc   00000002  00000000  00000002  RWIX
  RESET                 0000fffe   00000002  00000002  00000000  RWIX


SECTION ALLOCATION MAP

 output                                  attributes/
section   page    origin      length       input sections
--------  ----  ----------  ----------   ----------------
.init_array 
*          0    0000c000    00000000     UNINITIALIZED

.bss       0    00000200    00000058     UNINITIALIZED
                  00000200    00000058     uart_control.obj (.bss)

.TI.noinit 
*          0    00000200    00000000     UNINITIALIZED

.data      0    00000258    00000002     
                  00000258    00000002     uart_control.obj (.data)

.TI.persistent 
*          0    00000258    00000000     UNINITIALIZED

.stack     0    000003b0    00000050     UNINITIALIZED
                  000003b0    00000002     rts430_eabi.lib : boot.obj (.stack)
                  000003b2    0000004e     --HOLE--

.text      0    0000c000    00000960     
                  0000c000    000002a4     main.obj (.text:main)
                  0000c2a4    0000028a     i2c.obj (.text:i2c_rx_bb)
                  0000c52e    00000086     uart_control.obj (.text:uart_init)
                  0000c5b4    00000082     main.obj (.text:conv_char_hex)
                  0000c636    00000078     uart_control.obj (.text:unsigned_conv_hex_dec)
                  0000c6ae    0000005e     rts430_eabi.lib : copy_decompress_rle.obj (.text:__TI_decompress_rle_core)
                  0000c70c    0000005e                     : autoinit.obj (.text:_auto_init)
                  0000c76a    00000054     uart_control.obj (.text:USCI0RX_ISR)
                  0000c7be    0000003a     uart_control.obj (.text:USCI0TX_ISR)
                  0000c7f8    00000030     uart_control.obj (.text:uart_write_string)
                  0000c828    0000002c     rts430_eabi.lib : asr16.obj (.text)
                  0000c854    0000002c                     : div16s.obj (.text)
                  0000c880    0000002c                     : lsl16.obj (.text)
                  0000c8ac    0000001a                     : boot.obj (.text:_c_int00_noexit)
                  0000c8c6    0000001a     i2c.obj (.text:i2c_init)
                  0000c8e0    00000016     rts430_eabi.lib : div16u.obj (.text)
                  0000c8f6    00000014                     : copy_zero_init.obj (.text:decompress:ZI:__TI_zero_init)
                  0000c90a    00000014                     : mult16.obj (.text)
                  0000c91e    00000012                     : copy_decompress_none.obj (.text:decompress:none:__TI_decompress_none)
                  0000c930    00000012                     : memcpy.obj (.text:memcpy)
                  0000c942    00000010                     : epilog.obj (.text)
                  0000c952    00000006                     : copy_decompress_rle.obj (.text:decompress:rle24:__TI_decompress_rle24)
                  0000c958    00000004                     : pre_init.obj (.text:_system_pre_init)
                  0000c95c    00000004                     : exit.obj (.text:abort)

.const     0    0000c960    0000003a     
                  0000c960    00000018     uart_control.obj (.const:$P$T0$1)
                  0000c978    00000018     uart_control.obj (.const:$P$T1$2)
                  0000c990    0000000a     main.obj (.const:.string:$P$T0$1)

.cinit     0    0000c99a    00000018     
                  0000c99a    00000006     (.cinit..data.load) [load image]
                  0000c9a0    00000006     (__TI_handler_table)
                  0000c9a6    00000004     (.cinit..bss.load) [load image, compression = zero_init]
                  0000c9aa    00000008     (__TI_cinit_table)

USCIAB0TX 
*          0    0000ffec    00000002     
                  0000ffec    00000002     uart_control.obj (.int06)

USCIAB0RX 
*          0    0000ffee    00000002     
                  0000ffee    00000002     uart_control.obj (.int07)

.reset     0    0000fffe    00000002     
                  0000fffe    00000002     rts430_eabi.lib : boot.obj (.reset)


LINKER GENERATED COPY TABLES

__TI_cinit_table @ 0000c9aa records: 2, size/record: 4, table size: 8
	.data: load addr=0000c99a, load size=00000006 bytes, run addr=00000258, run size=00000002 bytes, compression=copy
	.bss: load addr=0000c9a6, load size=00000004 bytes, run addr=00000200, run size=00000058 bytes, compression=zero_init


LINKER GENERATED HANDLER TABLE

__TI_handler_table @ 0000c9a0 records: 3, size/record: 2, table size: 6
	index: 0, handler: __TI_zero_init
	index: 1, handler: __TI_decompress_rle24
	index: 2, handler: __TI_decompress_none


GLOBAL SYMBOLS: SORTED ALPHABETICALLY BY Name 

address    name
--------   ----
0000004a   ADC10AE0
000001b0   ADC10CTL0
000001b2   ADC10CTL1
00000048   ADC10DTC0
00000049   ADC10DTC1
000001b4   ADC10MEM
000001bc   ADC10SA
00000057   BCSCTL1
00000058   BCSCTL2
00000053   BCSCTL3
0000c95c   C$$EXIT
00000059   CACTL1
0000005a   CACTL2
000010fb   CALBC1_12MHZ
000010f9   CALBC1_16MHZ
000010ff   CALBC1_1MHZ
000010fd   CALBC1_8MHZ
000010fa   CALDCO_12MHZ
000010f8   CALDCO_16MHZ
000010fe   CALDCO_1MHZ
000010fc   CALDCO_8MHZ
0000005b   CAPD
00000056   DCOCTL
00000128   FCTL1
0000012a   FCTL2
0000012c   FCTL3
00000000   IE1
00000001   IE2
00000002   IFG1
00000003   IFG2
00000022   P1DIR
00000025   P1IE
00000024   P1IES
00000023   P1IFG
00000020   P1IN
00000021   P1OUT
00000027   P1REN
00000026   P1SEL
00000041   P1SEL2
0000002a   P2DIR
0000002d   P2IE
0000002c   P2IES
0000002b   P2IFG
00000028   P2IN
00000029   P2OUT
0000002f   P2REN
0000002e   P2SEL
00000042   P2SEL2
0000001a   P3DIR
00000018   P3IN
00000019   P3OUT
00000010   P3REN
0000001b   P3SEL
00000043   P3SEL2
00000172   TA0CCR0
00000174   TA0CCR1
00000176   TA0CCR2
00000162   TA0CCTL0
00000164   TA0CCTL1
00000166   TA0CCTL2
00000160   TA0CTL
0000012e   TA0IV
00000170   TA0R
00000192   TA1CCR0
00000194   TA1CCR1
00000196   TA1CCR2
00000182   TA1CCTL0
00000184   TA1CCTL1
00000186   TA1CCTL2
00000180   TA1CTL
0000011e   TA1IV
00000190   TA1R
0000005d   UCA0ABCTL
00000062   UCA0BR0
00000063   UCA0BR1
00000060   UCA0CTL0
00000061   UCA0CTL1
0000005f   UCA0IRRCTL
0000005e   UCA0IRTCTL
00000064   UCA0MCTL
00000066   UCA0RXBUF
00000065   UCA0STAT
00000067   UCA0TXBUF
0000006a   UCB0BR0
0000006b   UCB0BR1
00000068   UCB0CTL0
00000069   UCB0CTL1
0000006c   UCB0I2CIE
00000118   UCB0I2COA
0000011a   UCB0I2CSA
0000006e   UCB0RXBUF
0000006d   UCB0STAT
0000006f   UCB0TXBUF
0000c76a   USCI0RX_ISR
0000c7be   USCI0TX_ISR
00000120   WDTCTL
00000400   __STACK_END
00000050   __STACK_SIZE
0000c9aa   __TI_CINIT_Base
0000c9b2   __TI_CINIT_Limit
0000c9a0   __TI_Handler_Table_Base
0000c9a6   __TI_Handler_Table_Limit
UNDEFED    __TI_INITARRAY_Base
UNDEFED    __TI_INITARRAY_Limit
00000001   __TI_args_main
0000c91e   __TI_decompress_none
0000c952   __TI_decompress_rle24
00000001   __TI_exit
0000c8f6   __TI_zero_init
ffffffff   __binit__
ffffffff   __c_args__
0000c854   __mspabi_divi
0000c8e0   __mspabi_divu
0000c94e   __mspabi_func_epilog_1
0000c94c   __mspabi_func_epilog_2
0000c94a   __mspabi_func_epilog_3
0000c948   __mspabi_func_epilog_4
0000c946   __mspabi_func_epilog_5
0000c944   __mspabi_func_epilog_6
0000c942   __mspabi_func_epilog_7
0000c90a   __mspabi_mpyi
0000c854   __mspabi_remi
0000c8e0   __mspabi_remu
0000c880   __mspabi_slli
0000c8a8   __mspabi_slli_1
0000c896   __mspabi_slli_10
0000c894   __mspabi_slli_11
0000c892   __mspabi_slli_12
0000c890   __mspabi_slli_13
0000c88e   __mspabi_slli_14
0000c88c   __mspabi_slli_15
0000c8a6   __mspabi_slli_2
0000c8a4   __mspabi_slli_3
0000c8a2   __mspabi_slli_4
0000c8a0   __mspabi_slli_5
0000c89e   __mspabi_slli_6
0000c89c   __mspabi_slli_7
0000c89a   __mspabi_slli_8
0000c898   __mspabi_slli_9
0000c828   __mspabi_srai
0000c850   __mspabi_srai_1
0000c83e   __mspabi_srai_10
0000c83c   __mspabi_srai_11
0000c83a   __mspabi_srai_12
0000c838   __mspabi_srai_13
0000c836   __mspabi_srai_14
0000c834   __mspabi_srai_15
0000c84e   __mspabi_srai_2
0000c84c   __mspabi_srai_3
0000c84a   __mspabi_srai_4
0000c848   __mspabi_srai_5
0000c846   __mspabi_srai_6
0000c844   __mspabi_srai_7
0000c842   __mspabi_srai_8
0000c840   __mspabi_srai_9
0000c70c   _auto_init
0000c8ac   _c_int00
0000c8ac   _c_int00_noexit
0000fffe   _reset_vector
000003b0   _stack
0000c958   _system_pre_init
0000c95c   abort
ffffffff   binit
0000c5b4   conv_char_hex
0000024e   dec_char
00000248   dec_str
00000256   e_tx_ptr
00000259   eos_flag
0000c8c6   i2c_init
0000c2a4   i2c_rx_bb
0000c000   main
0000c930   memcpy
00000224   rx_data_str
00000258   rx_flag
00000200   tx_data_str
00000254   tx_ptr
0000c52e   uart_init
0000c7f8   uart_write_string
0000c636   unsigned_conv_hex_dec


GLOBAL SYMBOLS: SORTED BY Symbol Address 

address    name
--------   ----
00000000   IE1
00000001   IE2
00000001   __TI_args_main
00000001   __TI_exit
00000002   IFG1
00000003   IFG2
00000010   P3REN
00000018   P3IN
00000019   P3OUT
0000001a   P3DIR
0000001b   P3SEL
00000020   P1IN
00000021   P1OUT
00000022   P1DIR
00000023   P1IFG
00000024   P1IES
00000025   P1IE
00000026   P1SEL
00000027   P1REN
00000028   P2IN
00000029   P2OUT
0000002a   P2DIR
0000002b   P2IFG
0000002c   P2IES
0000002d   P2IE
0000002e   P2SEL
0000002f   P2REN
00000041   P1SEL2
00000042   P2SEL2
00000043   P3SEL2
00000048   ADC10DTC0
00000049   ADC10DTC1
0000004a   ADC10AE0
00000050   __STACK_SIZE
00000053   BCSCTL3
00000056   DCOCTL
00000057   BCSCTL1
00000058   BCSCTL2
00000059   CACTL1
0000005a   CACTL2
0000005b   CAPD
0000005d   UCA0ABCTL
0000005e   UCA0IRTCTL
0000005f   UCA0IRRCTL
00000060   UCA0CTL0
00000061   UCA0CTL1
00000062   UCA0BR0
00000063   UCA0BR1
00000064   UCA0MCTL
00000065   UCA0STAT
00000066   UCA0RXBUF
00000067   UCA0TXBUF
00000068   UCB0CTL0
00000069   UCB0CTL1
0000006a   UCB0BR0
0000006b   UCB0BR1
0000006c   UCB0I2CIE
0000006d   UCB0STAT
0000006e   UCB0RXBUF
0000006f   UCB0TXBUF
00000118   UCB0I2COA
0000011a   UCB0I2CSA
0000011e   TA1IV
00000120   WDTCTL
00000128   FCTL1
0000012a   FCTL2
0000012c   FCTL3
0000012e   TA0IV
00000160   TA0CTL
00000162   TA0CCTL0
00000164   TA0CCTL1
00000166   TA0CCTL2
00000170   TA0R
00000172   TA0CCR0
00000174   TA0CCR1
00000176   TA0CCR2
00000180   TA1CTL
00000182   TA1CCTL0
00000184   TA1CCTL1
00000186   TA1CCTL2
00000190   TA1R
00000192   TA1CCR0
00000194   TA1CCR1
00000196   TA1CCR2
000001b0   ADC10CTL0
000001b2   ADC10CTL1
000001b4   ADC10MEM
000001bc   ADC10SA
00000200   tx_data_str
00000224   rx_data_str
00000248   dec_str
0000024e   dec_char
00000254   tx_ptr
00000256   e_tx_ptr
00000258   rx_flag
00000259   eos_flag
000003b0   _stack
00000400   __STACK_END
000010f8   CALDCO_16MHZ
000010f9   CALBC1_16MHZ
000010fa   CALDCO_12MHZ
000010fb   CALBC1_12MHZ
000010fc   CALDCO_8MHZ
000010fd   CALBC1_8MHZ
000010fe   CALDCO_1MHZ
000010ff   CALBC1_1MHZ
0000c000   main
0000c2a4   i2c_rx_bb
0000c52e   uart_init
0000c5b4   conv_char_hex
0000c636   unsigned_conv_hex_dec
0000c70c   _auto_init
0000c76a   USCI0RX_ISR
0000c7be   USCI0TX_ISR
0000c7f8   uart_write_string
0000c828   __mspabi_srai
0000c834   __mspabi_srai_15
0000c836   __mspabi_srai_14
0000c838   __mspabi_srai_13
0000c83a   __mspabi_srai_12
0000c83c   __mspabi_srai_11
0000c83e   __mspabi_srai_10
0000c840   __mspabi_srai_9
0000c842   __mspabi_srai_8
0000c844   __mspabi_srai_7
0000c846   __mspabi_srai_6
0000c848   __mspabi_srai_5
0000c84a   __mspabi_srai_4
0000c84c   __mspabi_srai_3
0000c84e   __mspabi_srai_2
0000c850   __mspabi_srai_1
0000c854   __mspabi_divi
0000c854   __mspabi_remi
0000c880   __mspabi_slli
0000c88c   __mspabi_slli_15
0000c88e   __mspabi_slli_14
0000c890   __mspabi_slli_13
0000c892   __mspabi_slli_12
0000c894   __mspabi_slli_11
0000c896   __mspabi_slli_10
0000c898   __mspabi_slli_9
0000c89a   __mspabi_slli_8
0000c89c   __mspabi_slli_7
0000c89e   __mspabi_slli_6
0000c8a0   __mspabi_slli_5
0000c8a2   __mspabi_slli_4
0000c8a4   __mspabi_slli_3
0000c8a6   __mspabi_slli_2
0000c8a8   __mspabi_slli_1
0000c8ac   _c_int00
0000c8ac   _c_int00_noexit
0000c8c6   i2c_init
0000c8e0   __mspabi_divu
0000c8e0   __mspabi_remu
0000c8f6   __TI_zero_init
0000c90a   __mspabi_mpyi
0000c91e   __TI_decompress_none
0000c930   memcpy
0000c942   __mspabi_func_epilog_7
0000c944   __mspabi_func_epilog_6
0000c946   __mspabi_func_epilog_5
0000c948   __mspabi_func_epilog_4
0000c94a   __mspabi_func_epilog_3
0000c94c   __mspabi_func_epilog_2
0000c94e   __mspabi_func_epilog_1
0000c952   __TI_decompress_rle24
0000c958   _system_pre_init
0000c95c   C$$EXIT
0000c95c   abort
0000c9a0   __TI_Handler_Table_Base
0000c9a6   __TI_Handler_Table_Limit
0000c9aa   __TI_CINIT_Base
0000c9b2   __TI_CINIT_Limit
0000fffe   _reset_vector
ffffffff   __binit__
ffffffff   __c_args__
ffffffff   binit
UNDEFED    __TI_INITARRAY_Base
UNDEFED    __TI_INITARRAY_Limit

[179 symbols]
